123278,124951,124048,153110,134240,146824,130497,129994,122758,117653,148271,129156,118079,124561,141370,114571,128990,117179,125455,152109,130156,129886,141380,129219,122476,130475,112123,150694,124072,128036,94479,114747,106687,119155,126905,121856,136128,109484,122764,117886
91302,115503,112695,123735,124949,126432,120789,109775,98724,98113,128078,109321,93584,97257,113684,103287,102289,96594,101058,124592,115436,97583,114234,112049,94979,111072,104347,133333,105624,104803,87818,92498,95528,109807,102591,101112,108151,103999,111060,105689
103698,104465,102259,120477,110522,116340,103156,113398,102323,92113,122588,90911,85752,109058,121004,99643,98334,100209,98954,114520,107015,93408,111824,105493,95121,112039,91287,116640,104597,94691,79116,103728,86168,103563,98973,100067,102031,90618,103603,100168
82162,93517,88440,108306,91400,110759,94160,88089,72228,85786,101335,95497,90227,84956,92809,87668,78285,78183,93863,107053,90256,82373,88254,93249,89210,84439,80376,101908,73397,89756,63633,86453,78034,93073,91810,79545,84178,87320,87103,88440
97846,93165,99513,125926,108452,111057,109384,95704,105189,93637,109106,106130,98837,101754,108809,94876,91419,88464,100255,117507,102601,102814,106408,106667,103537,99722,91030,126346,100047,103873,80713,96222,85528,104204,102553,90741,115441,93664,98543,94940
84840,98226,95074,116332,99384,104518,98524,105751,97343,89957,105564,87297,88403,104330,100310,83423,88018,77671,93355,106772,103834,98674,107715,97616,87938,97817,86062,113766,87531,98731,66675,98156,77754,100034,85354,92908,96703,82029,88766,87037
102165,103065,86978,117488,107536,123633,110615,108284,92856,89275,116010,97236,92613,103779,109832,105641,91015,91216,106974,113167,114624,104123,107479,96013,107084,100142,83375,127389,101321,105160,70348,105791,83453,104830,97134,93769,96761,93962,106841,91730
110732,102061,105601,128480,126276,125056,116048,121780,105808,103186,126953,106721,104319,116826,125224,101810,104486,107782,111363,123604,114119,110158,119291,110113,116172,116434,97737,128031,107543,108130,85042,110969,97716,117009,109571,99322,110811,105826,117486,101143
86150,82430,84126,104277,92516,107380,88996,96518,82369,84296,108571,84668,78500,85723,108563,90341,82881,79988,89658,103877,78269,86149,95030,89038,81431,92436,85351,97099,90187,89613,72341,84455,84123,94974,98223,91453,89009,81491,94074,90481
100386,107871,91791,128237,106813,126350,104523,107399,89272,92889,120026,117545,95205,101274,108796,93822,93149,83068,107655,123281,106088,103482,100932,105891,92268,101234,84785,124306,95887,106603,78838,101818,80062,102544,95055,94130,105995,94301,92777,96861
101097,113811,100424,123770,105837,116847,117937,104893,96706,100118,123867,107016,88424,98880,111919,101280,98774,84538,104198,121269,109932,107862,111819,101757,93848,111038,90199,130369,99955,113056,72129,93564,82336,102024,109032,93548,108854,87968,113226,101024
95903,103649,110507,124648,115461,121463,115910,119309,104411,98119,122188,104297,99485,115436,111981,100688,98370,86031,100710,118771,112785,103634,113135,108630,105778,101645,91307,126387,99226,104268,79822,93275,92291,106728,95391,101061,106350,100168,103540,114122
94235,104657,107391,119596,110000,113615,110471,104929,104348,97077,109603,95748,95275,110231,114062,96331,106296,88951,101212,118701,109072,97098,118839,110552,89968,96819,99279,115954,99417,99936,73257,100088,94782,107583,100093,109175,111435,92993,103282,106692
103747,108229,116567,127919,120112,125603,119854,112528,97437,111861,122597,106459,102186,109653,117594,99735,105796,93315,115458,114848,113918,94795,114339,114940,101115,111822,107348,129146,112682,117702,75471,109322,87967,112226,110063,114274,114421,92914,113497,105048
85171,89738,86642,107102,87666,105088,99815,90161,96139,84264,102072,90052,97578,97803,91960,88347,78368,77605,90527,97997,104077,88281,98877,92919,80308,85294,81176,110776,81646,89643,55913,84101,73233,92345,82051,86833,82922,80880,75731,78564
97667,87120,87604,102194,97284,116197,96260,91759,82037,89560,102482,74577,88209,101492,107906,99330,88499,86675,103238,102143,87590,83565,106498,89808,85163,89727,86534,102354,87769,98698,77001,99863,83404,91318,94366,86416,87192,87138,87030,94585
99906,88604,95038,113805,104343,120918,106118,101122,97062,93902,100129,96489,93484,104040,106875,92988,93529,95460,101468,110538,104803,96570,104779,95029,108944,97094,85694,114128,89965,96952,70404,98182,84582,98857,97635,91475,98672,83584,102979,93073
108252,116206,124334,127783,124950,138064,130508,115319,116247,107906,119683,107776,112026,124266,124762,119789,116760,101566,122134,130393,130696,111106,119640,123533,107130,109643,114391,135469,106952,115921,83842,101408,97986,116199,111986,118112,116490,95858,116353,114686
112642,111695,112721,138719,114973,131670,121072,119495,109613,103251,141204,105263,95746,109646,134595,114788,104541,103247,111913,126221,119968,111451,124652,111113,106165,121060,103209,130543,112121,121141,84556,113911,103071,119734,124919,102400,107787,109268,118040,109993
89412,81760,83187,104041,93809,96229,89512,96018,90966,77252,98395,88940,85288,87401,99765,85130,77878,81339,85816,100027,86629,88991,100523,77976,86688,98332,78686,101435,88985,86516,65172,89974,82532,97759,89976,87051,91438,85834,91850,89957
101457,99200,98786,121863,115024,116889,106697,108587,98153,102801,113660,103153,101631,114318,117141,100681,97514,99020,116913,120519,105364,104630,117224,103913,108717,106178,101165,125965,97886,104549,76197,107098,95926,118316,95616,111225,117799,93081,108768,103070
108664,108768,100434,132194,106841,127994,112670,108449,96248,98975,119790,108616,90201,114794,123808,109156,103447,97605,104014,128171,128759,116476,115706,110888,96386,112216,83680,134973,109322,110546,78536,107672,83122,106533,112058,99881,111086,95857,117844,103998
118374,112435,106287,135083,126089,128109,125041,123658,107245,103384,136836,113238,108821,122789,132912,106875,111668,96317,116409,120305,113892,109480,132753,114294,97986,127791,109393,129795,100611,123645,79985,113488,108606,112378,124179,104731,119284,106213,122067,123242
103415,109643,97289,123953,102891,129983,108329,114495,104038,101295,124404,110497,101992,113763,118391,103001,102186,88898,115963,114094,115374,120449,102490,109277,95233,104559,83627,123208,98464,102505,76360,101681,82457,103570,94048,109116,107076,83842,101960,104004
98840,112479,99722,126476,116672,117138,112562,110741,89969,89630,106868,97026,91654,111514,114067,103362,90602,87571,106398,116001,122930,99589,113307,100189,105324,107542,96495,125797,94372,105962,70974,108729,88734,110139,92996,96969,107787,97761,116268,110905
104531,89179,97374,111037,106279,111238,108377,103560,85890,87367,106137,93812,90065,102813,113045,98287,99141,79840,95485,111163,100383,97393,105188,95917,88480,94612,85569,107214,97921,102330,74103,98278,83016,89583,101291,95486,95453,87720,99971,100623
107298,108461,126667,131449,117398,137847,120384,120958,116201,118775,141167,114873,105315,114556,128742,107297,111800,111237,114821,132946,132919,111922,126367,117897,110529,118270,105467,136618,116327,116190,85522,103573,96876,120662,112155,120693,108716,97794,111355,102681
109206,111104,107304,129509,123906,127339,124256,128521,107898,98180,134500,109849,97545,121290,127793,104170,105165,83316,112152,120442,120443,109763,117970,109536,101390,122196,102523,130750,112126,118648,86379,105043,98535,104649,110155,95743,106442,107229,120575,120782
102568,102831,98349,124896,104245,111761,109176,111932,104161,94628,116985,99486,96050,112784,114419,99185,97032,85900,95348,128421,108232,92293,109994,99136,92837,108337,97221,122116,97774,103072,66823,99392,90661,103005,95692,101488,104145,100030,95009,107333
101361,100635,98800,113835,109053,103150,105885,103704,93363,96829,115807,96462,87125,106370,109295,90161,93720,79422,97031,119976,98057,83859,111748,92914,88092,104864,99209,116331,97656,104109,73650,96445,84691,96447,95556,87140,99965,91439,92049,93375
99902,92805,83781,114587,100037,98806,109637,99505,101024,91443,113899,112266,100831,97675,113800,90485,92204,79609,101968,113980,101617,106841,105521,94115,93951,109868,84677,122505,94581,107441,66883,100084,81526,103914,97687,93571,102567,92649,96721,94115
96382,94309,77799,109436,101771,115066,97345,106327,74687,85699,108386,84283,67415,95988,106564,94109,72059,83329,89839,103263,94099,82978,92599,80100,94338,94133,84149,114494,90745,90194,73523,98840,74123,99460,95174,81272,83082,81017,98079,92753
98900,101592,101221,113559,110522,112482,115174,89680,89493,88379,111326,100866,89396,102931,105839,100132,85104,92347,103328,103941,106071,98064,106436,100397,92443,102563,92207,120461,91692,99802,80318,99335,87552,106855,95857,94085,99272,91233,102256,100832
103470,95859,97032,118634,103234,125312,110161,103298,89486,100198,119474,101601,86121,100485,113451,98131,100068,93202,107821,123714,105043,106896,110227,98025,103326,108101,89501,123629,100030,116898,78310,97668,84803,96455,110973,95488,100851,93271,101998,98676
91755,106761,88536,118858,107866,116804,95949,113101,95748,101361,110488,105735,106549,104503,111921,90277,94935,72950,107601,113597,102453,99742,118933,95431,83987,106525,105722,117534,98887,103156,70997,105496,90168,100437,94688,102792,111378,98425,94849,99142
101737,112256,116222,142971,117229,127071,113533,119060,112163,105690,134165,114351,104663,115088,128876,108891,99588,106162,103829,135296,116374,112518,122234,120431,109947,118921,105497,129759,120237,106455,88239,111752,105435,119998,112940,109052,113909,113655,111888,111736
97724,109572,105693,131164,112131,138125,115539,126832,108417,111238,133655,112963,99570,109236,129149,106819,115063,89259,118055,133388,123714,115725,117060,114077,100819,101937,99404,131150,108017,115400,79558,100836,92228,109004,100370,118051,105828,93037,108153,106849
101164,94319,94884,130004,115363,121948,103937,115612,89726,95714,115020,106308,99140,109228,116712,97493,95765,95179,102972,126415,107727,97034,110924,105892,102040,105226,98080,123769,100092,104599,74333,109614,93922,113560,107938,102779,106760,100887,105474,94294
100400,97872,102866,114372,104650,116202,108831,106692,98021,103628,114582,97246,95169,105773,118234,99021,107284,81558,107827,111867,117477,102303,111473,102137,96453,105059,87075,118367,102185,112954,72921,101210,79737,100588,96887,109899,105472,88927,111198,102862
75396,95315,92983,109785,104684,113452,91547,106462,84092,90244,100118,84745,81298,87026,110025,93213,89308,83524,95877,115131,108773,92535,106671,94227,86256,88226,98751,103854,84474,91699,66371,95584,95040,100166,99041,87751,83816,79961,101198,84879
